../Drivers/STM32F4xx_HAL_Driver/Src/stm32f4xx_ll_usb.c:85:19:USB_CoreInit	24	static
../Drivers/STM32F4xx_HAL_Driver/Src/stm32f4xx_ll_usb.c:141:19:USB_SetTurnaroundTime	32	static
../Drivers/STM32F4xx_HAL_Driver/Src/stm32f4xx_ll_usb.c:224:19:USB_EnableGlobalInt	16	static
../Drivers/STM32F4xx_HAL_Driver/Src/stm32f4xx_ll_usb.c:236:19:USB_DisableGlobalInt	16	static
../Drivers/STM32F4xx_HAL_Driver/Src/stm32f4xx_ll_usb.c:251:19:USB_SetCurrentMode	24	static
../Drivers/STM32F4xx_HAL_Driver/Src/stm32f4xx_ll_usb.c:298:19:USB_DevInit	32	static
../Drivers/STM32F4xx_HAL_Driver/Src/stm32f4xx_ll_usb.c:475:19:USB_FlushTxFifo	24	static
../Drivers/STM32F4xx_HAL_Driver/Src/stm32f4xx_ll_usb.c:512:19:USB_FlushRxFifo	24	static
../Drivers/STM32F4xx_HAL_Driver/Src/stm32f4xx_ll_usb.c:555:19:USB_SetDevSpeed	24	static
../Drivers/STM32F4xx_HAL_Driver/Src/stm32f4xx_ll_usb.c:571:9:USB_GetDevSpeed	32	static
../Drivers/STM32F4xx_HAL_Driver/Src/stm32f4xx_ll_usb.c:600:19:USB_ActivateEndpoint	24	static
../Drivers/STM32F4xx_HAL_Driver/Src/stm32f4xx_ll_usb.c:638:19:USB_ActivateDedicatedEndpoint	24	static
../Drivers/STM32F4xx_HAL_Driver/Src/stm32f4xx_ll_usb.c:677:19:USB_DeactivateEndpoint	24	static
../Drivers/STM32F4xx_HAL_Driver/Src/stm32f4xx_ll_usb.c:724:19:USB_DeactivateDedicatedEndpoint	24	static
../Drivers/STM32F4xx_HAL_Driver/Src/stm32f4xx_ll_usb.c:766:19:USB_EPStartXfer	48	static
../Drivers/STM32F4xx_HAL_Driver/Src/stm32f4xx_ll_usb.c:938:19:USB_EPStopXfer	32	static
../Drivers/STM32F4xx_HAL_Driver/Src/stm32f4xx_ll_usb.c:1002:19:USB_WritePacket	40	static
../Drivers/STM32F4xx_HAL_Driver/Src/stm32f4xx_ll_usb.c:1033:7:USB_ReadPacket	48	static
../Drivers/STM32F4xx_HAL_Driver/Src/stm32f4xx_ll_usb.c:1075:19:USB_EPSetStall	24	static
../Drivers/STM32F4xx_HAL_Driver/Src/stm32f4xx_ll_usb.c:1106:19:USB_EPClearStall	24	static
../Drivers/STM32F4xx_HAL_Driver/Src/stm32f4xx_ll_usb.c:1135:19:USB_StopDevice	32	static
../Drivers/STM32F4xx_HAL_Driver/Src/stm32f4xx_ll_usb.c:1176:19:USB_SetDevAddress	24	static
../Drivers/STM32F4xx_HAL_Driver/Src/stm32f4xx_ll_usb.c:1191:19:USB_DevConnect	24	static
../Drivers/STM32F4xx_HAL_Driver/Src/stm32f4xx_ll_usb.c:1208:19:USB_DevDisconnect	24	static
../Drivers/STM32F4xx_HAL_Driver/Src/stm32f4xx_ll_usb.c:1225:10:USB_ReadInterrupts	24	static
../Drivers/STM32F4xx_HAL_Driver/Src/stm32f4xx_ll_usb.c:1241:10:USB_ReadChInterrupts	24	static
../Drivers/STM32F4xx_HAL_Driver/Src/stm32f4xx_ll_usb.c:1257:10:USB_ReadDevAllOutEpInterrupt	24	static
../Drivers/STM32F4xx_HAL_Driver/Src/stm32f4xx_ll_usb.c:1273:10:USB_ReadDevAllInEpInterrupt	24	static
../Drivers/STM32F4xx_HAL_Driver/Src/stm32f4xx_ll_usb.c:1291:10:USB_ReadDevOutEPInterrupt	24	static
../Drivers/STM32F4xx_HAL_Driver/Src/stm32f4xx_ll_usb.c:1309:10:USB_ReadDevInEPInterrupt	32	static
../Drivers/STM32F4xx_HAL_Driver/Src/stm32f4xx_ll_usb.c:1330:7:USB_ClearInterrupts	16	static
../Drivers/STM32F4xx_HAL_Driver/Src/stm32f4xx_ll_usb.c:1343:10:USB_GetMode	16	static
../Drivers/STM32F4xx_HAL_Driver/Src/stm32f4xx_ll_usb.c:1353:19:USB_ActivateSetup	24	static
../Drivers/STM32F4xx_HAL_Driver/Src/stm32f4xx_ll_usb.c:1375:19:USB_EP0_OutStart	32	static
../Drivers/STM32F4xx_HAL_Driver/Src/stm32f4xx_ll_usb.c:1408:26:USB_CoreReset	24	static
../Drivers/STM32F4xx_HAL_Driver/Src/stm32f4xx_ll_usb.c:1448:19:USB_HostInit	32	static
../Drivers/STM32F4xx_HAL_Driver/Src/stm32f4xx_ll_usb.c:1563:19:USB_InitFSLSPClkSel	24	static
../Drivers/STM32F4xx_HAL_Driver/Src/stm32f4xx_ll_usb.c:1593:19:USB_ResetPort	24	static
../Drivers/STM32F4xx_HAL_Driver/Src/stm32f4xx_ll_usb.c:1620:19:USB_DriveVbus	24	static
../Drivers/STM32F4xx_HAL_Driver/Src/stm32f4xx_ll_usb.c:1650:10:USB_GetHostSpeed	24	static
../Drivers/STM32F4xx_HAL_Driver/Src/stm32f4xx_ll_usb.c:1664:10:USB_GetCurrentFrame	24	static
../Drivers/STM32F4xx_HAL_Driver/Src/stm32f4xx_ll_usb.c:1695:19:USB_HC_Init	40	static
../Drivers/STM32F4xx_HAL_Driver/Src/stm32f4xx_ll_usb.c:1827:19:USB_HC_StartXfer	56	static
../Drivers/STM32F4xx_HAL_Driver/Src/stm32f4xx_ll_usb.c:2090:10:USB_HC_ReadInterrupt	24	static
../Drivers/STM32F4xx_HAL_Driver/Src/stm32f4xx_ll_usb.c:2104:19:USB_HC_Halt	40	static
../Drivers/STM32F4xx_HAL_Driver/Src/stm32f4xx_ll_usb.c:2188:19:USB_DoPing	32	static
../Drivers/STM32F4xx_HAL_Driver/Src/stm32f4xx_ll_usb.c:2212:19:USB_StopHost	40	static
../Drivers/STM32F4xx_HAL_Driver/Src/stm32f4xx_ll_usb.c:2277:19:USB_ActivateRemoteWakeup	24	static
../Drivers/STM32F4xx_HAL_Driver/Src/stm32f4xx_ll_usb.c:2295:19:USB_DeActivateRemoteWakeup	24	static
