../Drivers/STM32F4xx_HAL_Driver/Src/stm32f4xx_hal_hcd.c:111:19:HAL_HCD_Init	32	static
../Drivers/STM32F4xx_HAL_Driver/Src/stm32f4xx_hal_hcd.c:219:19:HAL_HCD_HC_Init	56	static
../Drivers/STM32F4xx_HAL_Driver/Src/stm32f4xx_hal_hcd.c:277:19:HAL_HCD_HC_Halt	24	static
../Drivers/STM32F4xx_HAL_Driver/Src/stm32f4xx_hal_hcd.c:293:19:HAL_HCD_DeInit	16	static
../Drivers/STM32F4xx_HAL_Driver/Src/stm32f4xx_hal_hcd.c:328:14:HAL_HCD_MspInit	16	static
../Drivers/STM32F4xx_HAL_Driver/Src/stm32f4xx_hal_hcd.c:343:14:HAL_HCD_MspDeInit	16	static
../Drivers/STM32F4xx_HAL_Driver/Src/stm32f4xx_hal_hcd.c:395:19:HAL_HCD_HC_SubmitRequest	16	static
../Drivers/STM32F4xx_HAL_Driver/Src/stm32f4xx_hal_hcd.c:539:6:HAL_HCD_IRQHandler	32	static
../Drivers/STM32F4xx_HAL_Driver/Src/stm32f4xx_hal_hcd.c:662:6:HAL_HCD_WKUP_IRQHandler	16	static
../Drivers/STM32F4xx_HAL_Driver/Src/stm32f4xx_hal_hcd.c:673:13:HAL_HCD_SOF_Callback	16	static
../Drivers/STM32F4xx_HAL_Driver/Src/stm32f4xx_hal_hcd.c:688:13:HAL_HCD_Connect_Callback	16	static
../Drivers/STM32F4xx_HAL_Driver/Src/stm32f4xx_hal_hcd.c:703:13:HAL_HCD_Disconnect_Callback	16	static
../Drivers/STM32F4xx_HAL_Driver/Src/stm32f4xx_hal_hcd.c:718:13:HAL_HCD_PortEnabled_Callback	16	static
../Drivers/STM32F4xx_HAL_Driver/Src/stm32f4xx_hal_hcd.c:733:13:HAL_HCD_PortDisabled_Callback	16	static
../Drivers/STM32F4xx_HAL_Driver/Src/stm32f4xx_hal_hcd.c:758:13:HAL_HCD_HC_NotifyURBChange_Callback	16	static
../Drivers/STM32F4xx_HAL_Driver/Src/stm32f4xx_hal_hcd.c:1074:19:HAL_HCD_Start	16	static
../Drivers/STM32F4xx_HAL_Driver/Src/stm32f4xx_hal_hcd.c:1093:19:HAL_HCD_Stop	16	static
../Drivers/STM32F4xx_HAL_Driver/Src/stm32f4xx_hal_hcd.c:1107:19:HAL_HCD_ResetPort	16	static
../Drivers/STM32F4xx_HAL_Driver/Src/stm32f4xx_hal_hcd.c:1136:18:HAL_HCD_GetState	16	static
../Drivers/STM32F4xx_HAL_Driver/Src/stm32f4xx_hal_hcd.c:1155:21:HAL_HCD_HC_GetURBState	16	static
../Drivers/STM32F4xx_HAL_Driver/Src/stm32f4xx_hal_hcd.c:1168:10:HAL_HCD_HC_GetXferCount	16	static
../Drivers/STM32F4xx_HAL_Driver/Src/stm32f4xx_hal_hcd.c:1190:21:HAL_HCD_HC_GetState	16	static
../Drivers/STM32F4xx_HAL_Driver/Src/stm32f4xx_hal_hcd.c:1200:10:HAL_HCD_GetCurrentFrame	16	static
../Drivers/STM32F4xx_HAL_Driver/Src/stm32f4xx_hal_hcd.c:1210:10:HAL_HCD_GetCurrentSpeed	16	static
../Drivers/STM32F4xx_HAL_Driver/Src/stm32f4xx_hal_hcd.c:1224:19:HAL_HCD_HC_SetHubInfo	24	static
../Drivers/STM32F4xx_HAL_Driver/Src/stm32f4xx_hal_hcd.c:1254:19:HAL_HCD_HC_ClearHubInfo	16	static
../Drivers/STM32F4xx_HAL_Driver/Src/stm32f4xx_hal_hcd.c:1281:13:HCD_HC_IN_IRQHandler	32	static
../Drivers/STM32F4xx_HAL_Driver/Src/stm32f4xx_hal_hcd.c:1600:13:HCD_HC_OUT_IRQHandler	32	static
../Drivers/STM32F4xx_HAL_Driver/Src/stm32f4xx_hal_hcd.c:1835:13:HCD_RXQLVL_IRQHandler	48	static
../Drivers/STM32F4xx_HAL_Driver/Src/stm32f4xx_hal_hcd.c:1901:13:HCD_Port_IRQHandler	32	static
