../Drivers/dstr/Src/stm32f407xx_usart.c:47:6:USART_SetBaudRate	32	static
../Drivers/dstr/Src/stm32f407xx_usart.c:110:6:USART_Init	24	static
../Drivers/dstr/Src/stm32f407xx_usart.c:216:6:USART_DeInit	16	static
../Drivers/dstr/Src/stm32f407xx_usart.c:265:6:USART_PeripheralControl	16	static
../Drivers/dstr/Src/stm32f407xx_usart.c:285:6:USART_PeriphClockControl	16	static
../Drivers/dstr/Src/stm32f407xx_usart.c:323:9:USART_GetFlagStatus	16	static
../Drivers/dstr/Src/stm32f407xx_usart.c:396:6:USART_SendData	32	static
../Drivers/dstr/Src/stm32f407xx_usart.c:459:6:USART_ReceiveData	32	static
../Drivers/dstr/Src/stm32f407xx_usart.c:536:9:USART_SendDataIT	32	static
../Drivers/dstr/Src/stm32f407xx_usart.c:572:9:USART_ReceiveDataIT	32	static
../Drivers/dstr/Src/stm32f407xx_usart.c:605:6:USART_ClearFlag	16	static
../Drivers/dstr/Src/stm32f407xx_usart.c:681:6:USART_IRQInterruptConfig	24	static
../Drivers/dstr/Src/stm32f407xx_usart.c:739:6:USART_IRQHandling	40	static
../Drivers/dstr/Src/stm32f407xx_usart.c:1036:13:USART_ApplicationEventCallback	16	static
