../Drivers/dstr/Src/stm32f407xx_spi.c:50:6:SPI_PeriphClockControl	16	static
../Drivers/dstr/Src/stm32f407xx_spi.c:83:6:SPI_Init	24	static
../Drivers/dstr/Src/stm32f407xx_spi.c:140:6:SPI_DeInit	16	static
../Drivers/dstr/Src/stm32f407xx_spi.c:172:9:SPI_GetFLagStatus	16	static
../Drivers/dstr/Src/stm32f407xx_spi.c:244:6:SPI_ReceiveData	24	static
../Drivers/dstr/Src/stm32f407xx_spi.c:284:6:SPI_PeripheralControl	16	static
../Drivers/dstr/Src/stm32f407xx_spi.c:302:6:SPI_SSIConfig	16	static
../Drivers/dstr/Src/stm32f407xx_spi.c:323:6:SPI_SSOEConfig	16	static
../Drivers/dstr/Src/stm32f407xx_spi.c:342:6:SPI_SendData	24	static
../Drivers/dstr/Src/stm32f407xx_spi.c:386:6:SPI_IRQConfig	24	static
../Drivers/dstr/Src/stm32f407xx_spi.c:441:6:SPI_IRQHandling	24	static
../Drivers/dstr/Src/stm32f407xx_spi.c:487:9:SPI_ReceiveDataIT	32	static
../Drivers/dstr/Src/stm32f407xx_spi.c:518:9:SPI_SendDataIT	32	static
../Drivers/dstr/Src/stm32f407xx_spi.c:534:13:spi_txe_it_handle	16	static
../Drivers/dstr/Src/stm32f407xx_spi.c:558:13:spi_rxne_it_handle	16	static
../Drivers/dstr/Src/stm32f407xx_spi.c:584:13:spi_ovr_err_it_handle	24	static
../Drivers/dstr/Src/stm32f407xx_spi.c:608:6:SPI_ClearOVRFlag	24	static
../Drivers/dstr/Src/stm32f407xx_spi.c:627:6:SPI_CloseTx	16	static
../Drivers/dstr/Src/stm32f407xx_spi.c:646:6:SPI_CloseRx	16	static
../Drivers/dstr/Src/stm32f407xx_spi.c:654:13:SPI_ApplicationEventCallback	16	static
