../Core/Src/main.c:46:5:compare_timestamp	24	static
../Core/Src/main.c:72:6:add_video_timestamp	16	static
../Core/Src/main.c:82:6:delete_oldest_video	248	static
../Core/Src/main.c:118:6:check_delete_oldest_video	8	static
../Core/Src/main.c:126:6:rec_begin	120	static
../Core/Src/main.c:152:5:main	8	static
../Core/Src/main.c:197:6:SystemClock_Config	80	static
../Core/Src/main.c:240:6:PeriphCommonClock_Config	24	static
../Core/Src/main.c:253:13:DCMI_Config	8	static
../Core/Src/main.c:269:13:DMA_Config	8	static
../Core/Src/main.c:280:13:GPIO_Config	32	static
../Core/Src/main.c:339:13:I2C_Config	24	static
../Core/Src/main.c:370:13:RTC_Config	16	static
../Core/Src/main.c:413:6:Error_Handler	4	static,ignoring_inline_asm
