../Core/Src/main.c:70:5:compare_timestamp	24	static
../Core/Src/main.c:96:6:add_video_timestamp	16	static
../Core/Src/main.c:106:6:delete_oldest_video	248	static
../Core/Src/main.c:142:6:check_delete_oldest_video	8	static
../Core/Src/main.c:150:6:rec_begin	120	static
../Core/Src/main.c:176:5:main	8	static
../Core/Src/main.c:221:6:SystemClock_Config	80	static
../Core/Src/main.c:264:6:PeriphCommonClock_Config	24	static
../Core/Src/main.c:277:13:DCMI_Config	8	static
../Core/Src/main.c:293:13:DMA_Config	8	static
../Core/Src/main.c:304:13:GPIO_Config	32	static
../Core/Src/main.c:360:13:I2C_Config	24	static
../Core/Src/main.c:391:13:RTC_Config	16	static
../Core/Src/main.c:432:6:Error_Handler	4	static,ignoring_inline_asm
