../Core/Src/stm32f4xx_it.c:15:6:EXTI0_IRQHandler	16	static
../Core/Src/stm32f4xx_it.c:35:6:RTC_Alarm_IRQHandler	8	static
../Core/Src/stm32f4xx_it.c:53:6:NMI_Handler	4	static
../Core/Src/stm32f4xx_it.c:61:6:HardFault_Handler	4	static
../Core/Src/stm32f4xx_it.c:70:6:MemManage_Handler	4	static
../Core/Src/stm32f4xx_it.c:79:6:BusFault_Handler	4	static
../Core/Src/stm32f4xx_it.c:89:6:UsageFault_Handler	4	static
../Core/Src/stm32f4xx_it.c:98:6:SVC_Handler	4	static
../Core/Src/stm32f4xx_it.c:103:6:DebugMon_Handler	4	static
../Core/Src/stm32f4xx_it.c:108:6:PendSV_Handler	4	static
../Core/Src/stm32f4xx_it.c:114:6:SysTick_Handler	8	static
../Core/Src/stm32f4xx_it.c:120:6:DMA2_Stream1_IRQHandler	8	static
../Core/Src/stm32f4xx_it.c:128:6:OTG_FS_IRQHandler	8	static
../Core/Src/stm32f4xx_it.c:135:6:DCMI_IRQHandler	8	static
