../Core/Src/stm32f4xx_it.c:15:6:EXTI0_IRQHandler	16	static
../Core/Src/stm32f4xx_it.c:31:6:RTC_Alarm_IRQHandler	8	static
../Core/Src/stm32f4xx_it.c:49:6:NMI_Handler	4	static
../Core/Src/stm32f4xx_it.c:57:6:HardFault_Handler	4	static
../Core/Src/stm32f4xx_it.c:66:6:MemManage_Handler	4	static
../Core/Src/stm32f4xx_it.c:75:6:BusFault_Handler	4	static
../Core/Src/stm32f4xx_it.c:85:6:UsageFault_Handler	4	static
../Core/Src/stm32f4xx_it.c:94:6:SVC_Handler	4	static
../Core/Src/stm32f4xx_it.c:99:6:DebugMon_Handler	4	static
../Core/Src/stm32f4xx_it.c:104:6:PendSV_Handler	4	static
../Core/Src/stm32f4xx_it.c:110:6:SysTick_Handler	8	static
../Core/Src/stm32f4xx_it.c:116:6:DMA2_Stream1_IRQHandler	8	static
../Core/Src/stm32f4xx_it.c:124:6:OTG_FS_IRQHandler	8	static
../Core/Src/stm32f4xx_it.c:131:6:DCMI_IRQHandler	8	static
